============================= test session starts =============================
platform win32 -- Python 3.13.3, pytest-7.4.0, pluggy-1.6.0 -- C:\Users\msii\AppData\Local\Programs\Python\Python313\python.exe
cachedir: .pytest_cache
metadata: {'Python': '3.13.3', 'Platform': 'Windows-11-10.0.26100-SP0', 'Packages': {'pytest': '7.4.0', 'pluggy': '1.6.0'}, 'Plugins': {'anyio': '4.9.0', 'asyncio': '0.21.1', 'cov': '4.1.0', 'html': '4.1.1', 'metadata': '3.1.1', 'mock': '3.14.0', 'sugar': '1.0.0', 'xdist': '3.6.1'}, 'JAVA_HOME': 'C:\\Program Files\\Java\\jdk-17'}
rootdir: C:\Users\msii\skillcompass
plugins: anyio-4.9.0, asyncio-0.21.1, cov-4.1.0, html-4.1.1, metadata-3.1.1, mock-3.14.0, sugar-1.0.0, xdist-3.6.1
asyncio: mode=Mode.STRICT
collecting ... collected 2 items

skillcompass_backend/tests/test_profile.py::test_profile_update_and_get PASSED [ 50%]
skillcompass_backend/tests/test_profile.py::test_analysis_endpoint PASSED [100%]

============================== warnings summary ===============================
skillcompass_backend/tests/test_profile.py::test_profile_update_and_get
skillcompass_backend/tests/test_profile.py::test_analysis_endpoint
  C:\Users\msii\skillcompass\skillcompass_backend\app\routes\user.py:118: PydanticDeprecatedSince20: The `dict` method is deprecated; use `model_dump` instead. Deprecated in Pydantic V2.0 to be removed in V3.0. See Pydantic V2 Migration Guide at https://errors.pydantic.dev/2.11/migration/
    user_data = user.dict()

skillcompass_backend/tests/test_profile.py::test_profile_update_and_get
skillcompass_backend/tests/test_profile.py::test_analysis_endpoint
  C:\Users\msii\skillcompass\skillcompass_backend\app\auth\jwt.py:19: DeprecationWarning: datetime.datetime.utcnow() is deprecated and scheduled for removal in a future version. Use timezone-aware objects to represent datetimes in UTC: datetime.datetime.now(datetime.UTC).
    expire = datetime.utcnow() + (expires_delta or timedelta(minutes=ACCESS_TOKEN_EXPIRE_MINUTES))

-- Docs: https://docs.pytest.org/en/stable/how-to/capture-warnings.html
======================== 2 passed, 4 warnings in 7.12s ========================
